{"timestamp":"2026-10-08T08:29:58.517351Z","level":"INFO","fields":{"message":"sized the renderers","limit_mib":32768,"source":"physical memory","cpus":10,"renderers":1,"heap_mib":128,"semi_space_mib":32},"target":"snowtime_axum"}
{"timestamp":"2026-10-08T08:29:58.517973Z","level":"INFO","fields":{"message":"listening","address":"127.0.0.1:61133","tls":false},"target":"snowtime_axum"}
bun test v1.4.2 (744846f84)

conformance/oauth.conformance.ts:
(pass) OAuth redirect sign-in, PKCE, state, linking, and account management contracts [408.15ms]

conformance/passkeys.conformance.ts:
{"timestamp":"2026-10-08T08:29:59.520566Z","level":"INFO","fields":{"message":"bench counters","renderers":1,"render_queued":0,"render_busy_answers":0,"database":"{\"read_admission\":{\"active\":0,\"queued\":0,\"limit\":10},\"write_admission\":{\"active\":0,\"queued\":0,\"limit\":1},\"hash_admission\":{\"active\":1,\"queued\":0,\"limit\":10},\"report_admission\":{\"active\":0,\"queued\":0,\"limit\":2},\"writer\":{\"cache_bytes\":83456,\"statement_bytes\":16240,\"cache_hits\":913,\"cache_misses\":22,\"cache_writes\":281},\"readers\":{\"idle\":10,\"connections\":[{\"cache_bytes\":26880,\"statement_bytes\":0,\"cache_hits\":1,\"cache_misses\":6,\"cache_writes\":0},{\"cache_bytes\":26880,\"statement_bytes\":0,\"cache_hits\":1,\"cache_misses\":6,\"cache_writes\":0},{\"cache_bytes\":26880,\"statement_bytes\":0,\"cache_hits\":1,\"cache_misses\":6,\"cache_writes\":0},{\"cache_bytes\":26880,\"statement_bytes\":0,\"cache_hits\":1,\"cache_misses\":6,\"cache_writes\":0},{\"cache_bytes\":26880,\"statement_bytes\":0,\"cache_hits\":1,\"cache_misses\":6,\"cache_writes\":0},{\"cache_bytes\":26880,\"statement_bytes\":0,\"cache_hits\":1,\"cache_misses\":6,\"cache_writes\":0},{\"cache_bytes\":26880,\"statement_bytes\":0,\"cache_hits\":1,\"cache_misses\":6,\"cache_writes\":0},{\"cache_bytes\":26880,\"statement_bytes\":0,\"cache_hits\":1,\"cache_misses\":6,\"cache_writes\":0},{\"cache_bytes\":26880,\"statement_bytes\":0,\"cache_hits\":1,\"cache_misses\":6,\"cache_writes\":0},{\"cache_bytes\":39936,\"statement_bytes\":36592,\"cache_hits\":21,\"cache_misses\":54,\"cache_writes\":0}]},\"sqlite_busy_errors\":0,\"blocking_threads\":1,\"blocking_threads_peak\":1,\"blocking_active\":0,\"blocking_queued\":0,\"scrypt_active\":1,\"scrypt_peak\":1}"},"target":"snowtime_axum"}
[passkey] authentication: The credential may have be compromised and should be inspected
[passkey] authentication: client origin
[passkey] authentication: A JSON parser failure has occurred
[passkey] authentication: Authentication has failed
[passkey] authentication: The user present bit is not set, and required
[passkey] authentication: The credential may have be compromised and should be inspected
[passkey] authentication: client origin
[passkey] authentication: A JSON parser failure has occurred
[passkey] authentication: Authentication has failed
[passkey] authentication: The user present bit is not set, and required
[passkey] authentication: The credential may have be compromised and should be inspected
[passkey] authentication: client origin
[passkey] authentication: A JSON parser failure has occurred
[passkey] authentication: Authentication has failed
[passkey] authentication: The user present bit is not set, and required
(pass) passkey registration, sign-in, listing, removal, and refusal contracts [792.36ms]

conformance/invitations.conformance.ts:
(pass) invitations > an admin invites by address, and the link shows the invitation signed out [10.18ms]
(pass) invitations > an unknown link shows nothing [0.76ms]
(pass) invitations > a member may not invite [0.76ms]
(pass) invitations > Better Auth's create refusal keeps its status and code [0.55ms]
(pass) invitations > Better Auth's acceptance refusal checks the recipient [1.24ms]
{"timestamp":"2026-10-08T08:30:00.524517Z","level":"INFO","fields":{"message":"bench counters","renderers":1,"render_queued":0,"render_busy_answers":0,"database":"{\"read_admission\":{\"active\":0,\"queued\":0,\"limit\":10},\"write_admission\":{\"active\":0,\"queued\":0,\"limit\":1},\"hash_admission\":{\"active\":1,\"queued\":0,\"limit\":10},\"report_admission\":{\"active\":0,\"queued\":0,\"limit\":2},\"writer\":{\"cache_bytes\":144384,\"statement_bytes\":73552,\"cache_hits\":2211,\"cache_misses\":36,\"cache_writes\":574},\"readers\":{\"idle\":10,\"connections\":[{\"cache_bytes\":26880,\"statement_bytes\":0,\"cache_hits\":1,\"cache_misses\":6,\"cache_writes\":0},{\"cache_bytes\":26880,\"statement_bytes\":0,\"cache_hits\":1,\"cache_misses\":6,\"cache_writes\":0},{\"cache_bytes\":26880,\"statement_bytes\":0,\"cache_hits\":1,\"cache_misses\":6,\"cache_writes\":0},{\"cache_bytes\":26880,\"statement_bytes\":0,\"cache_hits\":1,\"cache_misses\":6,\"cache_writes\":0},{\"cache_bytes\":26880,\"statement_bytes\":0,\"cache_hits\":1,\"cache_misses\":6,\"cache_writes\":0},{\"cache_bytes\":26880,\"statement_bytes\":0,\"cache_hits\":1,\"cache_misses\":6,\"cache_writes\":0},{\"cache_bytes\":26880,\"statement_bytes\":0,\"cache_hits\":1,\"cache_misses\":6,\"cache_writes\":0},{\"cache_bytes\":26880,\"statement_bytes\":0,\"cache_hits\":1,\"cache_misses\":6,\"cache_writes\":0},{\"cache_bytes\":26880,\"statement_bytes\":0,\"cache_hits\":1,\"cache_misses\":6,\"cache_writes\":0},{\"cache_bytes\":61696,\"statement_bytes\":54544,\"cache_hits\":42,\"cache_misses\":67,\"cache_writes\":0}]},\"sqlite_busy_errors\":0,\"blocking_threads\":1,\"blocking_threads_peak\":1,\"blocking_active\":0,\"blocking_queued\":0,\"scrypt_active\":1,\"scrypt_peak\":1}"},"target":"snowtime_axum"}
(pass) a verified recipient accepts a team invitation and a repeated click is closed [280.46ms]

conformance/session.conformance.ts:
(pass) the session > signed out, the session is null [0.76ms]
(pass) the session > signed in, it has the user, their organizations and settings, and the app URL [1.99ms]
(pass) the session > reading it sets no language cookie, even in another language than the account's [4.90ms]
(pass) signed-out reads > the app says it can serve pages [0.51ms]
(pass) signed-out reads > the sign-in methods, the deployment, and the seeded users [1.40ms]
(pass) issue links > an admin sets and clears them, and the session shows them [3.26ms]
(pass) issue links > a member may not set them, and an address without {key} is refused [1.16ms]

conformance/teams.conformance.ts:
{"timestamp":"2026-10-08T08:30:01.527782Z","level":"INFO","fields":{"message":"bench counters","renderers":1,"render_queued":0,"render_busy_answers":0,"database":"{\"read_admission\":{\"active\":0,\"queued\":0,\"limit\":10},\"write_admission\":{\"active\":0,\"queued\":0,\"limit\":1},\"hash_admission\":{\"active\":1,\"queued\":0,\"limit\":10},\"report_admission\":{\"active\":0,\"queued\":0,\"limit\":2},\"writer\":{\"cache_bytes\":196608,\"statement_bytes\":140480,\"cache_hits\":2358,\"cache_misses\":46,\"cache_writes\":605},\"readers\":{\"idle\":10,\"connections\":[{\"cache_bytes\":26880,\"statement_bytes\":0,\"cache_hits\":1,\"cache_misses\":6,\"cache_writes\":0},{\"cache_bytes\":26880,\"statement_bytes\":0,\"cache_hits\":1,\"cache_misses\":6,\"cache_writes\":0},{\"cache_bytes\":26880,\"statement_bytes\":0,\"cache_hits\":1,\"cache_misses\":6,\"cache_writes\":0},{\"cache_bytes\":26880,\"statement_bytes\":0,\"cache_hits\":1,\"cache_misses\":6,\"cache_writes\":0},{\"cache_bytes\":26880,\"statement_bytes\":0,\"cache_hits\":1,\"cache_misses\":6,\"cache_writes\":0},{\"cache_bytes\":26880,\"statement_bytes\":0,\"cache_hits\":1,\"cache_misses\":6,\"cache_writes\":0},{\"cache_bytes\":26880,\"statement_bytes\":0,\"cache_hits\":1,\"cache_misses\":6,\"cache_writes\":0},{\"cache_bytes\":26880,\"statement_bytes\":0,\"cache_hits\":1,\"cache_misses\":6,\"cache_writes\":0},{\"cache_bytes\":26880,\"statement_bytes\":0,\"cache_hits\":1,\"cache_misses\":6,\"cache_writes\":0},{\"cache_bytes\":113920,\"statement_bytes\":68160,\"cache_hits\":82,\"cache_misses\":170,\"cache_writes\":0}]},\"sqlite_busy_errors\":0,\"blocking_threads\":1,\"blocking_threads_peak\":1,\"blocking_active\":0,\"blocking_queued\":0,\"scrypt_active\":1,\"scrypt_peak\":1}"},"target":"snowtime_axum"}
(pass) members and teams > the members list each with their role and teams [1.87ms]
(pass) members and teams > the teams list each with its members and their team roles [2.71ms]
(pass) members and teams > a member may not change teams [1.43ms]
(pass) members and teams > a team is created, renamed, given a lead, and deleted [8.29ms]

 19 pass
 0 fail
 275 expect() calls
Ran 19 tests across 5 files. [3.23s]
