$ vite build
vite v8.3.3 building client environment for production...
✔ [paraglide-js] Compilation complete (message-modules)
transforming...
✓ 1573 modules transformed.
rendering chunks...
computing gzip size...
.output/public/assets/plus-jakarta-sans-vietnamese-wght-normal-qRpaaN48.woff2    8.35 kB
.output/public/assets/plus-jakarta-sans-latin-ext-wght-normal-DmpS2jIq.woff2    21.72 kB
.output/public/assets/plus-jakarta-sans-latin-wght-normal-eXO_dkmS.woff2        27.34 kB
.output/public/assets/index-zaQG1mQc.css                                         3.60 kB │ gzip:  2.27 kB
.output/public/assets/styles-KshdYXmj.css                                       89.74 kB │ gzip: 16.50 kB
.output/public/assets/sign-in-methods-PwdLhQAQ.js                                0.13 kB │ gzip:  0.14 kB
.output/public/assets/form-BXXUothc.js                                           0.14 kB │ gzip:  0.12 kB
.output/public/assets/auth_not_you-CsrXg9oL.js                                   0.14 kB │ gzip:  0.14 kB
.output/public/assets/nav_organization-BXXCW7p8.js                               0.14 kB │ gzip:  0.15 kB
.output/public/assets/timer_no_description-HIcKyojQ.js                           0.15 kB │ gzip:  0.15 kB
.output/public/assets/chevron-down-mBPQt0If.js                                   0.22 kB │ gzip:  0.20 kB
.output/public/assets/legal_terms_title-Bft4Q8V2.js                              0.26 kB │ gzip:  0.21 kB
.output/public/assets/_org-CExuIhQp.js                                           0.28 kB │ gzip:  0.21 kB
.output/public/assets/lock-BF8nGgb1.js                                           0.30 kB │ gzip:  0.25 kB
.output/public/assets/mail-BL45HXTx.js                                           0.31 kB │ gzip:  0.26 kB
.output/public/assets/moon-BiimutK5.js                                           0.31 kB │ gzip:  0.26 kB
.output/public/assets/globe-BcLpIPh_.js                                          0.34 kB │ gzip:  0.25 kB
.output/public/assets/error-alert-2q_m2Hr5.js                                    0.36 kB │ gzip:  0.24 kB
.output/public/assets/circle-alert-H7NJDZ3G.js                                   0.37 kB │ gzip:  0.25 kB
.output/public/assets/trash-BPOE_7DW.js                                          0.44 kB │ gzip:  0.28 kB
.output/public/assets/x-C5V2zIWm.js                                              0.48 kB │ gzip:  0.32 kB
.output/public/assets/app-mark-GrPCKZ5o.js                                       0.53 kB │ gzip:  0.28 kB
.output/public/assets/folder-kanban-CxyAQQoY.js                                  0.54 kB │ gzip:  0.36 kB
.output/public/assets/settings_wide_timer_description-BQvcPYeS.js                0.78 kB │ gzip:  0.41 kB
.output/public/assets/display-format-D-4SxtK6.js                                 0.98 kB │ gzip:  0.49 kB
.output/public/assets/glass-CjDzTPfk.js                                          1.01 kB │ gzip:  0.58 kB
.output/public/assets/project-dot-BG7yQAUS.js                                    1.13 kB │ gzip:  0.67 kB
.output/public/assets/loader-circle-BoOpTJSM.js                                  1.15 kB │ gzip:  0.72 kB
.output/public/assets/timer-JRrvOl0E.js                                          1.30 kB │ gzip:  0.68 kB
.output/public/assets/teams-BzwKXrdv.js                                          1.53 kB │ gzip:  0.58 kB
.output/public/assets/projects-06hveUoS.js                                       1.66 kB │ gzip:  0.74 kB
.output/public/assets/legal-layout-DxY2SjVJ.js                                   1.86 kB │ gzip:  1.02 kB
.output/public/assets/pencil-BteoG31R.js                                         2.05 kB │ gzip:  1.04 kB
.output/public/assets/format-t0dm07R9.js                                         2.17 kB │ gzip:  1.04 kB
.output/public/assets/device-settings-CWZO8T9N.js                                2.44 kB │ gzip:  1.30 kB
.output/public/assets/brand-logos-DyJMx5QJ.js                                    2.57 kB │ gzip:  1.26 kB
.output/public/assets/ZZYKR3VO-25hXv3Fd.js                                       2.82 kB │ gzip:  1.24 kB
.output/public/assets/reports-DgeVuAA0.js                                        3.06 kB │ gzip:  1.31 kB
.output/public/assets/sign-in-DSd_CZag.js                                        3.42 kB │ gzip:  1.59 kB
.output/public/assets/date-input-DNWiX5N_.js                                     3.96 kB │ gzip:  1.91 kB
.output/public/assets/create-organization-CULYZZib.js                            4.78 kB │ gzip:  2.06 kB
.output/public/assets/toggle-group-BrUtjxIp.js                                   5.24 kB │ gzip:  2.01 kB
.output/public/assets/separator-fsGAsitC.js                                      5.28 kB │ gzip:  2.09 kB
.output/public/assets/page-pending-3zAl200T.js                                   5.50 kB │ gzip:  2.26 kB
.output/public/assets/passkeys-DJUgbbiD.js                                       6.37 kB │ gzip:  2.83 kB
.output/public/assets/dialog-DtZYAa6F.js                                         7.33 kB │ gzip:  2.77 kB
.output/public/assets/invitation._id-CtMPFm7y.js                                 7.81 kB │ gzip:  2.78 kB
.output/public/assets/tabs-i6BO2rSe.js                                           8.23 kB │ gzip:  3.15 kB
.output/public/assets/sign-in-methods-fXcNpgVL.js                                8.27 kB │ gzip:  3.24 kB
.output/public/assets/theme-toggle-C5GezeyK.js                                   8.84 kB │ gzip:  3.96 kB
.output/public/assets/terms-Db7l_bKr.js                                         10.43 kB │ gzip:  4.20 kB
.output/public/assets/table-CQEh-EIM.js                                         12.44 kB │ gzip:  4.59 kB
.output/public/assets/season-tagline-B5bxDib6.js                                14.74 kB │ gzip:  5.99 kB
.output/public/assets/privacy-DUuctWNr.js                                       15.91 kB │ gzip:  6.12 kB
.output/public/assets/scenery-fields-C3jAhvdF.js                                20.13 kB │ gzip:  6.58 kB
.output/public/assets/OGE3DKII-f08cx7q_.js                                      22.98 kB │ gzip:  9.05 kB
.output/public/assets/projects-CJVyrJqc.js                                      32.37 kB │ gzip: 10.50 kB
.output/public/assets/weather-renderer-Bqp31_K7.js                              34.25 kB │ gzip: 12.07 kB
.output/public/assets/settings-D6Cb8DCP.js                                      47.24 kB │ gzip: 14.46 kB
.output/public/assets/organization-BKJ6gnq9.js                                  52.59 kB │ gzip: 14.68 kB
.output/public/assets/auth-client-sFedqwF5.js                                   53.09 kB │ gzip: 17.74 kB
.output/public/assets/text-field-CO_njNIC.js                                    64.16 kB │ gzip: 16.41 kB
.output/public/assets/calendar-Plc4Jga4.js                                      67.06 kB │ gzip: 23.24 kB
.output/public/assets/universal-BKIiHnVj.js                                     70.30 kB │ gzip: 19.48 kB
.output/public/assets/reports-9GErUoPE.js                                       74.30 kB │ gzip: 21.69 kB
.output/public/assets/timer-IWEgxrjh.js                                        127.07 kB │ gzip: 38.37 kB
.output/public/assets/glass-CgAbShWr.js                                        152.04 kB │ gzip: 51.72 kB
.output/public/assets/index-DO2oudCi.js                                        192.84 kB │ gzip: 61.41 kB

✓ built in 3.42s
[33m[PLUGIN_TIMINGS] [0mJavaScript callbacks ran for 3.3s of this 3.4s build (97%).
The slowest callbacks, timed inside each callback (the wait before a callback starts is excluded, the time it awaits is included):
  - plugin unplugin-paraglide-js buildStart (47%, 1.6s, 1 call)
  - plugin solid transform (35%, 1.2s, 1573 calls)
  - plugin @tailwindcss/vite:generate:build transform (30%, 1.0s, 2 calls)
These rows add up to more than the total. Callbacks can overlap, so the same time counts for more than one row.
1 callback is listed without a time. Its calls overlapped, so the time inside one call includes work from other calls. To find its cost, profile the build with `node --cpu-prof`:
  - plugin tanstack-start-core:import-protection resolveId (4636 calls)
See https://rolldown.rs/reference/InputOptions.checks#bundlertimings for more details.

vite v8.3.3 building ssr environment for production...
ℹ [paraglide-js] Compilation skipped — inputs unchanged (message-modules)
transforming...
✓ 1528 modules transformed.
rendering chunks...
computing gzip size...
node_modules/.nitro/vite/services/ssr/assets/plus-jakarta-sans-vietnamese-wght-normal-qRpaaN48.woff2    8.35 kB
node_modules/.nitro/vite/services/ssr/assets/plus-jakarta-sans-latin-ext-wght-normal-DmpS2jIq.woff2    21.72 kB
node_modules/.nitro/vite/services/ssr/assets/plus-jakarta-sans-latin-wght-normal-eXO_dkmS.woff2        27.34 kB
node_modules/.nitro/vite/services/ssr/assets/router-zaQG1mQc.css                                        3.60 kB │ gzip:   2.27 kB
node_modules/.nitro/vite/services/ssr/assets/styles-KshdYXmj.css                                       89.74 kB │ gzip:  16.50 kB
node_modules/.nitro/vite/services/ssr/assets/kysely-adapter-Cj_QZw5p.js                                 0.05 kB │ gzip:   0.07 kB
node_modules/.nitro/vite/services/ssr/assets/source-C_jnEkND.js                                         0.21 kB │ gzip:   0.12 kB
node_modules/.nitro/vite/services/ssr/assets/form-wh-l-Cvs.js                                           0.26 kB │ gzip:   0.18 kB
node_modules/.nitro/vite/services/ssr/assets/sign-in-methods-DHLiTNLL.js                                0.27 kB │ gzip:   0.20 kB
node_modules/.nitro/vite/services/ssr/assets/empty-plugin-adapters-BMlA99RB.js                          0.28 kB │ gzip:   0.20 kB
node_modules/.nitro/vite/services/ssr/assets/copy-announcer-CR4dgdUj.js                                 0.39 kB │ gzip:   0.27 kB
node_modules/.nitro/vite/services/ssr/assets/_org-BHh9WH89.js                                           0.53 kB │ gzip:   0.30 kB
node_modules/.nitro/vite/services/ssr/assets/timer.schemas-pKW8doPD.js                                  0.62 kB │ gzip:   0.33 kB
node_modules/.nitro/vite/services/ssr/assets/auth_not_you-D3hlj0YW.js                                   0.69 kB │ gzip:   0.37 kB
node_modules/.nitro/vite/services/ssr/assets/error-alert-DNkPpJW0.js                                    0.69 kB │ gzip:   0.34 kB
node_modules/.nitro/vite/services/ssr/assets/auth_sign_out-D5K4Vmxx.js                                  0.70 kB │ gzip:   0.37 kB
node_modules/.nitro/vite/services/ssr/assets/plus-Bw028ucx.js                                           0.73 kB │ gzip:   0.46 kB
node_modules/.nitro/vite/services/ssr/assets/chevron-down-BneSD_04.js                                   0.73 kB │ gzip:   0.45 kB
node_modules/.nitro/vite/services/ssr/assets/nav_organization-CdH6YHd3.js                               0.73 kB │ gzip:   0.37 kB
node_modules/.nitro/vite/services/ssr/assets/clock-ZcloXiOC.js                                          0.76 kB │ gzip:   0.47 kB
node_modules/.nitro/vite/services/ssr/assets/app-mark-culkPOjq.js                                       0.76 kB │ gzip:   0.36 kB
node_modules/.nitro/vite/services/ssr/assets/timer_no_description-C7ROntM2.js                           0.77 kB │ gzip:   0.37 kB
node_modules/.nitro/vite/services/ssr/assets/moon-DKYJE80f.js                                           0.78 kB │ gzip:   0.51 kB
node_modules/.nitro/vite/services/ssr/assets/lock-CpiL4rJO.js                                           0.80 kB │ gzip:   0.50 kB
node_modules/.nitro/vite/services/ssr/assets/mail-BWE0o47y.js                                           0.80 kB │ gzip:   0.51 kB
node_modules/.nitro/vite/services/ssr/assets/globe-THYicrl-.js                                          0.86 kB │ gzip:   0.50 kB
node_modules/.nitro/vite/services/ssr/assets/circle-alert-B03CuJMr.js                                   0.96 kB │ gzip:   0.52 kB
node_modules/.nitro/vite/services/ssr/assets/trash-B4sliW3l.js                                          0.99 kB │ gzip:   0.54 kB
node_modules/.nitro/vite/services/ssr/assets/teams.schemas-BHj10AIc.js                                  1.27 kB │ gzip:   0.46 kB
node_modules/.nitro/vite/services/ssr/assets/x-CKY_H1l2.js                                              1.43 kB │ gzip:   0.59 kB
node_modules/.nitro/vite/services/ssr/assets/start-0Gccs1L7.js                                          1.43 kB │ gzip:   0.63 kB
node_modules/.nitro/vite/services/ssr/assets/legal_terms_title-BewuxxRv.js                              1.47 kB │ gzip:   0.46 kB
node_modules/.nitro/vite/services/ssr/assets/folder-kanban-DeYvrATO.js                                  1.70 kB │ gzip:   0.84 kB
node_modules/.nitro/vite/services/ssr/assets/key-round-BrAXtwm0.js                                      1.80 kB │ gzip:   0.90 kB
node_modules/.nitro/vite/services/ssr/assets/glass-D7Mlhma7.js                                          1.85 kB │ gzip:   0.79 kB
node_modules/.nitro/vite/services/ssr/assets/project-dot-CusypBxG.js                                    1.96 kB │ gzip:   0.91 kB
node_modules/.nitro/vite/services/ssr/assets/loader-circle-SMQnwz0U.js                                  1.96 kB │ gzip:   1.07 kB
node_modules/.nitro/vite/services/ssr/assets/display-format-Djje3izA.js                                 2.03 kB │ gzip:   0.74 kB
node_modules/.nitro/vite/services/ssr/assets/teams-CY7YbrKv.js                                          2.05 kB │ gzip:   0.65 kB
node_modules/.nitro/vite/services/ssr/assets/projects.schemas-B-5DENhn.js                               2.09 kB │ gzip:   0.81 kB
node_modules/.nitro/vite/services/ssr/assets/projects-C6Lu1Nqs.js                                       2.11 kB │ gzip:   0.67 kB
node_modules/.nitro/vite/services/ssr/assets/errors-DXaVxbaG.js                                         2.30 kB │ gzip:   0.92 kB
node_modules/.nitro/vite/services/ssr/assets/file-text-DC4dBbk1.js                                      2.54 kB │ gzip:   0.98 kB
node_modules/.nitro/vite/services/ssr/assets/legal-layout-CKPMffZn.js                                   2.94 kB │ gzip:   1.36 kB
node_modules/.nitro/vite/services/ssr/assets/timer-D4Mb72kU.js                                          3.21 kB │ gzip:   1.22 kB
node_modules/.nitro/vite/services/ssr/assets/avatar-uhZemIlO.js                                         3.92 kB │ gzip:   1.23 kB
node_modules/.nitro/vite/services/ssr/assets/brand-logos-SoIk4v2j.js                                    4.23 kB │ gzip:   1.69 kB
node_modules/.nitro/vite/services/ssr/assets/settings_wide_timer_description-DitBewWY.js                5.21 kB │ gzip:   0.84 kB
node_modules/.nitro/vite/services/ssr/assets/date-input-byo8ZGCS.js                                     5.39 kB │ gzip:   2.13 kB
node_modules/.nitro/vite/services/ssr/assets/format-B1RruG2A.js                                         5.54 kB │ gzip:   1.80 kB
node_modules/.nitro/vite/services/ssr/assets/pencil-Djo0aVph.js                                         5.74 kB │ gzip:   1.79 kB
node_modules/.nitro/vite/services/ssr/assets/_tanstack-start-manifest_v-BkJx_c2_.js                     5.84 kB │ gzip:   1.47 kB
node_modules/.nitro/vite/services/ssr/assets/device-settings-BXr_m6im.js                                6.22 kB │ gzip:   2.41 kB
node_modules/.nitro/vite/services/ssr/assets/ZZYKR3VO-BQdqfFLC.js                                       6.44 kB │ gzip:   1.75 kB
node_modules/.nitro/vite/services/ssr/assets/page-pending-C01IMl03.js                                   6.57 kB │ gzip:   2.08 kB
node_modules/.nitro/vite/services/ssr/assets/reports.schemas-BjgAuhVK.js                                7.15 kB │ gzip:   1.86 kB
node_modules/.nitro/vite/services/ssr/assets/toggle-group-C6yEAs53.js                                   9.62 kB │ gzip:   2.56 kB
node_modules/.nitro/vite/services/ssr/assets/OGE3DKII-aHtKnnlB.js                                       9.87 kB │ gzip:   3.28 kB
node_modules/.nitro/vite/services/ssr/assets/sign-in-BcUQcNMh.js                                       10.04 kB │ gzip:   2.60 kB
node_modules/.nitro/vite/services/ssr/assets/separator-Bl3hBVB2.js                                     10.36 kB │ gzip:   2.79 kB
node_modules/.nitro/vite/services/ssr/assets/popover-CBpJLVik.js                                       10.91 kB │ gzip:   3.01 kB
node_modules/.nitro/vite/services/ssr/assets/calendar-KMOS-DMY.js                                      10.94 kB │ gzip:   3.06 kB
node_modules/.nitro/vite/services/ssr/assets/terms-D4oaWrdB.js                                         12.98 kB │ gzip:   4.35 kB
node_modules/.nitro/vite/services/ssr/assets/text-field-D2tAJWtp.js                                    13.01 kB │ gzip:   3.44 kB
node_modules/.nitro/vite/services/ssr/assets/dialog-JCZ007ji.js                                        13.08 kB │ gzip:   3.46 kB
node_modules/.nitro/vite/services/ssr/assets/create-organization-LqUfGs9i.js                           13.23 kB │ gzip:   2.96 kB
node_modules/.nitro/vite/services/ssr/assets/tabs-Bn-nIAgA.js                                          14.79 kB │ gzip:   3.99 kB
node_modules/.nitro/vite/services/ssr/assets/passkeys-B8pCZhZo.js                                      15.19 kB │ gzip:   3.43 kB
node_modules/.nitro/vite/services/ssr/assets/Matches-BVpBGDZE.js                                       17.62 kB │ gzip:   4.09 kB
node_modules/.nitro/vite/services/ssr/assets/theme-toggle-B_zLaWaY.js                                  17.71 kB │ gzip:   5.27 kB
node_modules/.nitro/vite/services/ssr/assets/privacy-CkJb8oqG.js                                       18.50 kB │ gzip:   6.33 kB
node_modules/.nitro/vite/services/ssr/assets/season-tagline-qXNt6f9C.js                                21.16 kB │ gzip:   6.77 kB
node_modules/.nitro/vite/services/ssr/assets/sign-in-methods-F9ZlUJSO.js                               21.23 kB │ gzip:   4.57 kB
node_modules/.nitro/vite/services/ssr/assets/table-DLVwKTfm.js                                         21.39 kB │ gzip:   4.98 kB
node_modules/.nitro/vite/services/ssr/assets/invitation._id-CGRRMHxt.js                                25.10 kB │ gzip:   4.32 kB
node_modules/.nitro/vite/services/ssr/assets/error-codes-D37jCd_8.js                                   27.88 kB │ gzip:   8.06 kB
node_modules/.nitro/vite/services/ssr/assets/auth-client--7Dlw-ra.js                                   31.11 kB │ gzip:   7.96 kB
node_modules/.nitro/vite/services/ssr/assets/dropdown-menu-Do0tbVl0.js                                 48.03 kB │ gzip:   9.42 kB
node_modules/.nitro/vite/services/ssr/assets/_org-Dd4LnntB.js                                          49.28 kB │ gzip:  10.77 kB
node_modules/.nitro/vite/services/ssr/assets/scenery-fields-0w2_SKAE.js                                62.28 kB │ gzip:   9.80 kB
node_modules/.nitro/vite/services/ssr/assets/auth.schemas-3xACfH7K.js                                  67.51 kB │ gzip:  17.89 kB
node_modules/.nitro/vite/services/ssr/assets/glass-BHJNO5ig.js                                         76.92 kB │ gzip:  16.08 kB
node_modules/.nitro/vite/services/ssr/assets/router-CwELr_a9.js                                        84.35 kB │ gzip:  19.40 kB
node_modules/.nitro/vite/services/ssr/index.js                                                         87.63 kB │ gzip:  22.37 kB
node_modules/.nitro/vite/services/ssr/assets/projects-CuHav7oF.js                                      89.95 kB │ gzip:  14.89 kB
node_modules/.nitro/vite/services/ssr/assets/settings-DngaBbzd.js                                     124.93 kB │ gzip:  20.53 kB
node_modules/.nitro/vite/services/ssr/assets/XTJD7L6B-BGeksrGT.js                                     144.52 kB │ gzip:  30.26 kB
node_modules/.nitro/vite/services/ssr/assets/organization-3Y7k84Uq.js                                 148.47 kB │ gzip:  21.51 kB
node_modules/.nitro/vite/services/ssr/assets/reports-BIpv-eWf.js                                      176.64 kB │ gzip:  29.22 kB
node_modules/.nitro/vite/services/ssr/assets/timer-CLJDKuk7.js                                        263.93 kB │ gzip:  50.74 kB
node_modules/.nitro/vite/services/ssr/assets/api.server-DNS3d5WM.js                                   641.96 kB │ gzip: 133.86 kB

✓ built in 1.41s

[nitro] ◐ Building [Nitro] (preset: node-server, compatibility: 2026-10-08)
[nitro] ✔ Generated public .output/public
vite v8.3.3 building nitro environment for production...
`output.codeSplitting.groups[0].name` is a function. Set `output.codeSplitting.groups[0].debugName` so the bundler timing report can identify this group.
ℹ [paraglide-js] Compilation skipped — inputs unchanged (message-modules)
transforming...
✓ 1443 modules transformed.
ℹ Tracing dependencies:
- libsql (0.5.29)
- tslib (2.8.1, 1.14.1)
- detect-libc (2.0.2)
- @neon-rs/load (0.0.4)
- @libsql/darwin-arm64 (0.5.29)
- @libsql/linux-arm64-gnu (0.5.29)
- @libsql/linux-arm64-musl (0.5.29)
✔ Traced 7 dependencies (18 files) in 72ms.
ℹ Ensure your production environment matches the builder OS and architecture (darwin-arm64) to avoid native module issues.
rendering chunks...
computing gzip size...
.output/server/_ssr/kysely-adapter-Cj_QZw5p.mjs                       0.14 kB │ gzip:   0.10 kB
.output/server/_chunks/core.mjs                                       0.25 kB │ gzip:   0.18 kB
.output/server/_ssr/empty-plugin-adapters-BMlA99RB.mjs                0.29 kB │ gzip:   0.20 kB
.output/server/_ssr/form-wh-l-Cvs.mjs                                 0.37 kB │ gzip:   0.25 kB
.output/server/_libs/@solid-primitives/resize-observer+[...].mjs      0.58 kB │ gzip:   0.35 kB
.output/server/_org-BHh9WH89.mjs                                      0.67 kB │ gzip:   0.39 kB
.output/server/_ssr/chevron-down-BneSD_04.mjs                         0.78 kB │ gzip:   0.48 kB
.output/server/_ssr/auth_not_you-D3hlj0YW.mjs                         0.78 kB │ gzip:   0.43 kB
.output/server/_ssr/error-alert-DNkPpJW0.mjs                          0.80 kB │ gzip:   0.43 kB
.output/server/_libs/solid-primitives__props.mjs                      0.83 kB │ gzip:   0.46 kB
.output/server/_ssr/lock-CpiL4rJO.mjs                                 0.85 kB │ gzip:   0.53 kB
.output/server/_ssr/mail-BWE0o47y.mjs                                 0.85 kB │ gzip:   0.54 kB
.output/server/_libs/solid-primitives__refs.mjs                       0.89 kB │ gzip:   0.51 kB
.output/server/_ssr/globe-THYicrl-.mjs                                0.91 kB │ gzip:   0.53 kB
.output/server/_libs/better-auth__utils.mjs                           0.97 kB │ gzip:   0.52 kB
.output/server/_ssr/circle-alert-B03CuJMr.mjs                         1.01 kB │ gzip:   0.55 kB
.output/server/_ssr/trash-B4sliW3l.mjs                                1.04 kB │ gzip:   0.57 kB
.output/server/_chunks/ssr-renderer.mjs                               1.08 kB │ gzip:   0.53 kB
.output/server/_libs/tanstack__solid-store.mjs                        1.16 kB │ gzip:   0.60 kB
.output/server/_libs/hookable.mjs                                     1.22 kB │ gzip:   0.55 kB
.output/server/_ssr/x-CKY_H1l2.mjs                                    1.34 kB │ gzip:   0.61 kB
.output/server/_ssr/start-0Gccs1L7.mjs                                1.42 kB │ gzip:   0.64 kB
.output/server/_libs/defu.mjs                                         1.46 kB │ gzip:   0.62 kB
.output/server/_libs/solid-primitives__keyed.mjs                      1.87 kB │ gzip:   0.92 kB
.output/server/_runtime.mjs                                           1.89 kB │ gzip:   0.85 kB
.output/server/_ssr/glass-D7Mlhma7.mjs                                1.95 kB │ gzip:   0.86 kB
.output/server/_ssr/project-dot-CusypBxG.mjs                          1.99 kB │ gzip:   0.98 kB
.output/server/_libs/ufo.mjs                                          2.19 kB │ gzip:   0.71 kB
.output/server/_ssr/display-format-Djje3izA.mjs                       2.20 kB │ gzip:   0.86 kB
.output/server/_libs/uuid.mjs                                         2.86 kB │ gzip:   0.96 kB
.output/server/_libs/isbot.mjs                                        2.91 kB │ gzip:   1.69 kB
.output/server/_ssr/legal-layout-CKPMffZn.mjs                         2.98 kB │ gzip:   1.41 kB
.output/server/_libs/t3-oss__env-core.mjs                             3.19 kB │ gzip:   1.21 kB
.output/server/_libs/class-variance-authority+clsx.mjs                3.28 kB │ gzip:   1.28 kB
.output/server/_libs/solid-js.mjs                                     3.42 kB │ gzip:   1.12 kB
.output/server/_libs/@tanstack/router-ssr-query-core+[...].mjs        3.80 kB │ gzip:   1.20 kB
.output/server/_ssr/brand-logos-SoIk4v2j.mjs                          4.24 kB │ gzip:   1.76 kB
.output/server/_ssr/settings_wide_timer_description-DitBewWY.mjs      4.88 kB │ gzip:   0.88 kB
.output/server/_ssr/pencil-Djo0aVph.mjs                               5.21 kB │ gzip:   1.74 kB
.output/server/_ssr/date-input-byo8ZGCS.mjs                           5.40 kB │ gzip:   2.16 kB
.output/server/_tanstack-start-manifest_v-BkJx_c2_.mjs                5.96 kB │ gzip:   1.53 kB
.output/server/_ssr/device-settings-BXr_m6im.mjs                      6.21 kB │ gzip:   2.44 kB
.output/server/_libs/@tanstack/devtools-event-client+[...].mjs        6.79 kB │ gzip:   1.75 kB
.output/server/_ssr/sign-in-BcUQcNMh.mjs                              9.49 kB │ gzip:   2.54 kB
.output/server/_ssr/create-organization-LqUfGs9i.mjs                 12.50 kB │ gzip:   2.91 kB
.output/server/_libs/tanstack__history.mjs                           12.54 kB │ gzip:   3.73 kB
.output/server/_ssr/text-field-D2tAJWtp.mjs                          12.62 kB │ gzip:   3.41 kB
.output/server/_ssr/terms-D4oaWrdB.mjs                               13.00 kB │ gzip:   4.39 kB
.output/server/_ssr/tabs-Bn-nIAgA.mjs                                14.84 kB │ gzip:   4.04 kB
.output/server/_libs/better-auth__memory-adapter.mjs                 14.99 kB │ gzip:   4.15 kB
.output/server/_libs/@better-auth/telemetry+[...].mjs                17.31 kB │ gzip:   4.84 kB
.output/server/_ssr/privacy-CkJb8oqG.mjs                             18.57 kB │ gzip:   6.39 kB
.output/server/_ssr/sign-in-methods-F9ZlUJSO.mjs                     19.96 kB │ gzip:   4.44 kB
.output/server/_ssr/table-DLVwKTfm.mjs                               20.29 kB │ gzip:   4.86 kB
.output/server/_libs/@floating-ui/core+[...].mjs                     23.30 kB │ gzip:   5.96 kB
.output/server/_ssr/invitation._id-CGRRMHxt.mjs                      23.60 kB │ gzip:   4.22 kB
.output/server/_libs/@floating-ui/dom+[...].mjs                      25.34 kB │ gzip:   6.52 kB
.output/server/_libs/h3-v2+rou3+srvx.mjs                             26.31 kB │ gzip:   7.12 kB
.output/server/_libs/valibot.mjs                                     27.45 kB │ gzip:   5.51 kB
.output/server/_libs/noble__ciphers.mjs                              47.61 kB │ gzip:  14.70 kB
.output/server/_ssr/timer.schemas-pKW8doPD.mjs                       52.67 kB │ gzip:  14.39 kB
.output/server/_libs/hono.mjs                                        58.19 kB │ gzip:  15.67 kB
.output/server/_ssr/auth.schemas-3xACfH7K.mjs                        67.79 kB │ gzip:  18.49 kB
.output/server/_ssr/legal_terms_title-BewuxxRv.mjs                   68.67 kB │ gzip:  14.39 kB
.output/server/_libs/h3+rou3+srvx.mjs                                72.57 kB │ gzip:  18.85 kB
.output/server/_libs/@better-auth/drizzle-adapter+[...].mjs          72.61 kB │ gzip:  16.14 kB
.output/server/_ssr/projects-CuHav7oF.mjs                            84.39 kB │ gzip:  14.36 kB
.output/server/index.mjs                                             87.77 kB │ gzip:  17.46 kB
.output/server/_libs/tailwind-merge.mjs                              88.98 kB │ gzip:  15.74 kB
.output/server/_ssr/router-CwELr_a9.mjs                             108.58 kB │ gzip:  26.70 kB
.output/server/_libs/@tanstack/form-core+[...].mjs                  109.58 kB │ gzip:  20.41 kB
.output/server/_ssr/settings-DngaBbzd.mjs                           117.23 kB │ gzip:  19.80 kB
.output/server/_ssr/organization-3Y7k84Uq.mjs                       139.25 kB │ gzip:  20.77 kB
.output/server/_libs/tanstack__query-core.mjs                       139.51 kB │ gzip:  32.90 kB
.output/server/_libs/@solid-primitives/event-listener+[...].mjs     150.17 kB │ gzip:  32.46 kB
.output/server/_libs/drizzle-orm.mjs                                150.84 kB │ gzip:  30.08 kB
.output/server/_libs/uncrypto+upstash__redis.mjs                    161.68 kB │ gzip:  28.16 kB
.output/server/_ssr/reports-BIpv-eWf.mjs                            167.18 kB │ gzip:  28.35 kB
.output/server/_ssr/timer-CLJDKuk7.mjs                              253.97 kB │ gzip:  49.57 kB
.output/server/_libs/@tanstack/router-core+[...].mjs                265.32 kB │ gzip:  63.59 kB
.output/server/_libs/@libsql/client.mjs                             265.95 kB │ gzip:  55.75 kB
.output/server/_org-Dd4LnntB.mjs                                    410.15 kB │ gzip:  84.38 kB
.output/server/_libs/@better-auth/kysely-adapter+[...].mjs          518.65 kB │ gzip:  85.26 kB
.output/server/_ssr/ssr.mjs                                         716.81 kB │ gzip: 155.38 kB
.output/server/_libs/@better-auth/passkey+[...].mjs                 769.89 kB │ gzip: 162.31 kB
.output/server/_libs/@better-auth/core+[...].mjs                  1,344.25 kB │ gzip: 253.55 kB

✓ built in 519ms
ℹ Generated .output/nitro.json

[nitro] ✔ You can preview this build using npx vite preview
