    Fetching advisory database from `https://github.com/RustSec/advisory-db.git`
      Loaded 1294 security advisories (from /Users/kaitkasak/.cargo/advisory-db)
    Updating crates.io index
    Scanning Cargo.lock for vulnerabilities (621 crate dependencies)
Crate:     hickory-proto
Version:   0.25.2
Title:     CPU exhaustion during message encoding due to O(n²) name compression
Date:      2026-05-01
ID:        RUSTSEC-2026-0119
URL:       https://github.com/hickory-dns/hickory-dns/security/advisories/GHSA-q2qq-hmj6-3wpp
Solution:  Upgrade to >=0.26.1

Crate:     hickory-proto
Version:   0.25.2
Title:     NSEC3 closest-encloser proof validation enters unbounded loop on cross-zone responses
Date:      2026-05-01
ID:        RUSTSEC-2026-0118
URL:       https://github.com/hickory-dns/hickory-dns/security/advisories/GHSA-3v94-mw7p-v465
Solution:  No fixed upgrade is available!

Crate:     rsa
Version:   0.9.10
Title:     Marvin Attack: potential key recovery through timing sidechannels
Date:      2023-11-22
ID:        RUSTSEC-2023-0071
URL:       https://rustsec.org/advisories/RUSTSEC-2023-0071
Severity:  5.9 (medium)
Solution:  No fixed upgrade is available!

Crate:     rustls
Version:   0.23.40
Title:     TLS 1.3 handshake messages incorrectly accepted across encryption level boundaries
Date:      2026-09-14
ID:        RUSTSEC-2026-0285
URL:       https://rustsec.org/advisories/RUSTSEC-2026-0285
Severity:  5.3 (medium)
Solution:  Upgrade to >=0.23.45

Crate:     bincode
Version:   1.3.3
Warning:   unmaintained
Title:     Bincode is unmaintained
Date:      2025-12-16
ID:        RUSTSEC-2025-0141
URL:       https://rustsec.org/advisories/RUSTSEC-2025-0141

Crate:     paste
Version:   1.0.15
Warning:   unmaintained
Title:     paste - no longer maintained
Date:      2024-10-07
ID:        RUSTSEC-2024-0436
URL:       https://rustsec.org/advisories/RUSTSEC-2024-0436

Crate:     rustls-pemfile
Version:   2.2.0
Warning:   unmaintained
Title:     rustls-pemfile is unmaintained
Date:      2025-11-28
ID:        RUSTSEC-2025-0134
URL:       https://rustsec.org/advisories/RUSTSEC-2025-0134

Crate:     rand
Version:   0.8.5
Warning:   unsound
Title:     Rand is unsound with a custom logger using `rand::rng()`
Date:      2026-04-09
ID:        RUSTSEC-2026-0097
URL:       https://rustsec.org/advisories/RUSTSEC-2026-0097

error: 4 vulnerabilities found!
warning: 4 allowed warnings found
